yarn run v1.22.22
$ node -e "require('fs').copyFileSync('content/problems.schema.json','static/problems.schema.json')" && gatsby build
node.exe : fatal: --unshallow on a complete repository does not make sense
At C:\Users\prana\AppData\Roaming\npm\yarn.ps1:24 char:5
+     & "node$exe"  "$basedir/node_modules/yarn/bin/yarn.js" $args
+     ~~~~~~~~~~~~~~~~~~~~~~~~~~~~~~~~~~~~~~~~~~~~~~~~~~~~~~~~~~~~
    + CategoryInfo          : NotSpecified: (fatal: --unshal... not make sense:String) [], RemoteException
    + FullyQualifiedErrorId : NativeCommandError
 
warn Git fetch failed. Ignore this if developing or building locally.

[2K[1A[2K[Gsuccess compile gatsby files - 5.512s

[2K[1A[2K[Gsuccess load gatsby config - 0.035s

[2K[1A[2K[Gsuccess load plugins - 0.954s

[2K[1A[2K[Gwarn gatsby-plugin-react-helmet: Gatsby now has built-in support for modifying
the document head. Learn more at https://gatsby.dev/gatsby-head

[2K[1A[2K[Gsuccess onPreInit - 0.014s

[2K[1A[2K[Gsuccess delete worker cache from previous builds - 0.004s

[2K[1A[2K[Gsuccess initialize cache - 0.040s

[2K[1A[2K[Gsuccess copy gatsby files - 0.673s

[2K[1A[2K[Gsuccess Compiling Gatsby Functions - 0.975s

[2K[1A[2K[Gsuccess onPreBootstrap - 1.007s

[2K[1A[2K[Gsuccess createSchemaCustomization - 0.009s

[2K[1A[2K[Gsuccess Checking for changed pages - 0.001s

[2K[1A[2K[Gsuccess source and transform nodes - 1.783s

[2K[1A[2K[Ginfo Writing GraphQL type definitions to
C:/Coding/USAMO/usaco-guide/.cache/schema.gql

[2K[1A[2K[Gsuccess building schema - 0.562s

[2K[1A[2K[Gsuccess createPages - 0.272s

[2K[1A[2K[Gsuccess createPagesStatefully - 0.211s

[2K[1A[2K[Ginfo Total nodes: 782, SitePage nodes: 194 (use --verbose for breakdown)

[2K[1A[2K[Gsuccess Checking for changed pages - 0.001s

[2K[1A[2K[Gsuccess Cleaning up stale page-data - 0.013s

[2K[1A[2K[Gsuccess onPreExtractQueries - 0.001s

[2K[1A[2K[Gsuccess extract queries from components - 4.353s

[2K[1A[2K[Gsuccess write out redirect data - 0.002s

[2K[1A[2K[Gwarn The icon(static/images/cropped_circle_image.png) you provided to
'gatsby-plugin-manifest' is not square.
The icons we generate will be square and for the best results we recommend you
provide a square icon.


[2K[1A[2K[Gsuccess Build manifest and related icons - 0.296s

[2K[1A[2K[Gsuccess onPostBootstrap - 0.317s

[2K[1A[2K[Ginfo bootstrap finished - 20.752s

[2K[1A[2K[Gsuccess write out requires - 0.025s

fatal: --unshallow on a complete repository does not make sense
[2K[1A[2K[Gwarn Git fetch failed. Ignore this if developing or building locally.

fatal: --unshallow on a complete repository does not make sense
[2K[1A[2K[Gwarn Git fetch failed. Ignore this if developing or building locally.

fatal: --unshallow on a complete repository does not make sense
[2K[1A[2K[Gwarn Git fetch failed. Ignore this if developing or building locally.

fatal: --unshallow on a complete repository does not make sense
fatal: --unshallow on a complete repository does not make sense
fatal: --unshallow on a complete repository does not make sense
fatal: --unshallow on a complete repository does not make sense
[2K[1A[2K[Gwarn Git fetch failed. Ignore this if developing or building locally.

[2K[1A[2K[Gwarn Git fetch failed. Ignore this if developing or building locally.

fatal: --unshallow on a complete repository does not make sense
[2K[1A[2K[Gwarn Git fetch failed. Ignore this if developing or building locally.

[2K[1A[2K[Gwarn Git fetch failed. Ignore this if developing or building locally.

[2K[1A[2K[Gwarn Git fetch failed. Ignore this if developing or building locally.

fatal: --unshallow on a complete repository does not make sense
fatal: --unshallow on a complete repository does not make sense
[2K[1A[2K[Gwarn Git fetch failed. Ignore this if developing or building locally.

[2K[1A[2K[Gwarn Git fetch failed. Ignore this if developing or building locally.

fatal: --unshallow on a complete repository does not make sense
[2K[1A[2K[Gwarn Git fetch failed. Ignore this if developing or building locally.

[2K[1A[2K[Gsuccess Building production JavaScript and CSS bundles - 14.006s

<w> [webpack.cache.PackFileCacheStrategy] Serializing big strings (9400kiB) impacts deserialization performance (consider using Buffer instead and decode when needed)
<w> [webpack.cache.PackFileCacheStrategy] Serializing big strings (9400kiB) impacts deserialization performance (consider using Buffer instead and decode when needed)
<w> [webpack.cache.PackFileCacheStrategy] Serializing big strings (9400kiB) impacts deserialization performance (consider using Buffer instead and decode when needed)
[2K[1A[2K[Gsuccess Building Rendering Engines - 8.167s

[2K[1A[2K[Gwarn `isModuleDeclaration` has been deprecated, please migrate to
`isImportOrExportDeclaration`
    at isModuleDeclaration (C:\Coding\USAMO\usaco-guide\node_modules\@babel\type
s\lib\validators\generated\index.js:2793:35)
    at PluginPass.Program (C:\Coding\USAMO\usaco-guide\node_modules\babel-plugin
-lodash\lib\index.js:102:44)

